// Jest Snapshot v1, https://goo.gl/fbAQLP

exports[`Picker 列的数量 1`] = `
<div
  aria-modal="true"
  class="v-picker"
>
  <transition-stub
    appear="false"
    css="true"
    name="fade"
    persisted="true"
  >
    <div
      aria-label="关闭"
      class="v-popup__mask"
      role="button"
      style="display: none;"
    />
  </transition-stub>
  <transition-stub
    appear="false"
    css="true"
    name="fade"
    persisted="false"
  >
    <!--v-if-->
  </transition-stub>
  <transition-stub
    appear="false"
    css="true"
    name="slide-bottom"
    persisted="true"
  >
    <div
      class="v-popup__content v-popup__content_bottom"
      style="display: none;"
    >
      
      <div
        class="v-picker-box"
      >
        <div
          class="v-picker__header"
        >
          <!--v-if-->
          <button
            class="v-picker__btn"
          >
            取消
          </button>
          
          <div
            class="v-picker__title"
          />
          
          <button
            class="v-picker__btn"
          >
            确定
          </button>
        </div>
        <div
          class="v-picker__content"
          style="height: 230px;"
        >
          <div
            class="v-picker__indicator"
          />
          
          <div
            class="v-picker-list"
          >
            <ul
              class="v-picker-column"
              style="transform: translate3d(0, 0px, 0); transition: transform .8s cubic-bezier(.17,.97,.2,.98);"
            >
              
              <li
                class="v-picker-column__item"
              >
                2020年
              </li>
              <li
                class="v-picker-column__item"
              >
                2021年
              </li>
              <li
                class="v-picker-column__item"
              >
                2022年
              </li>
              <li
                class="v-picker-column__item"
              >
                2023年
              </li>
              <li
                class="v-picker-column__item"
              >
                2024年
              </li>
              <li
                class="v-picker-column__item"
              >
                2025年
              </li>
              <li
                class="v-picker-column__item"
              >
                2026年
              </li>
              <li
                class="v-picker-column__item"
              >
                2027年
              </li>
              <li
                class="v-picker-column__item"
              >
                2028年
              </li>
              <li
                class="v-picker-column__item"
              >
                2029年
              </li>
              
            </ul>
          </div>
          <div
            class="v-picker-list"
          >
            <ul
              class="v-picker-column"
              style="transform: translate3d(0, 0px, 0); transition: transform .8s cubic-bezier(.17,.97,.2,.98);"
            >
              
              <li
                class="v-picker-column__item"
              >
                1月
              </li>
              <li
                class="v-picker-column__item"
              >
                2月
              </li>
              <li
                class="v-picker-column__item"
              >
                3月
              </li>
              <li
                class="v-picker-column__item"
              >
                4月
              </li>
              <li
                class="v-picker-column__item"
              >
                5月
              </li>
              <li
                class="v-picker-column__item"
              >
                6月
              </li>
              <li
                class="v-picker-column__item"
              >
                7月
              </li>
              <li
                class="v-picker-column__item"
              >
                8月
              </li>
              <li
                class="v-picker-column__item"
              >
                9月
              </li>
              <li
                class="v-picker-column__item"
              >
                10月
              </li>
              <li
                class="v-picker-column__item"
              >
                11月
              </li>
              <li
                class="v-picker-column__item"
              >
                12月
              </li>
              
            </ul>
          </div>
          <div
            class="v-picker-list"
          >
            <ul
              class="v-picker-column"
              style="transform: translate3d(0, 0px, 0); transition: transform .8s cubic-bezier(.17,.97,.2,.98);"
            >
              
              <li
                class="v-picker-column__item"
              >
                1日
              </li>
              <li
                class="v-picker-column__item"
              >
                2日
              </li>
              <li
                class="v-picker-column__item"
              >
                3日
              </li>
              <li
                class="v-picker-column__item"
              >
                4日
              </li>
              <li
                class="v-picker-column__item"
              >
                5日
              </li>
              <li
                class="v-picker-column__item"
              >
                6日
              </li>
              <li
                class="v-picker-column__item"
              >
                7日
              </li>
              <li
                class="v-picker-column__item"
              >
                8日
              </li>
              <li
                class="v-picker-column__item"
              >
                9日
              </li>
              <li
                class="v-picker-column__item"
              >
                10日
              </li>
              <li
                class="v-picker-column__item"
              >
                11日
              </li>
              <li
                class="v-picker-column__item"
              >
                12日
              </li>
              <li
                class="v-picker-column__item"
              >
                13日
              </li>
              <li
                class="v-picker-column__item"
              >
                14日
              </li>
              <li
                class="v-picker-column__item"
              >
                15日
              </li>
              <li
                class="v-picker-column__item"
              >
                16日
              </li>
              <li
                class="v-picker-column__item"
              >
                17日
              </li>
              <li
                class="v-picker-column__item"
              >
                18日
              </li>
              <li
                class="v-picker-column__item"
              >
                19日
              </li>
              <li
                class="v-picker-column__item"
              >
                20日
              </li>
              <li
                class="v-picker-column__item"
              >
                21日
              </li>
              <li
                class="v-picker-column__item"
              >
                22日
              </li>
              <li
                class="v-picker-column__item"
              >
                23日
              </li>
              <li
                class="v-picker-column__item"
              >
                24日
              </li>
              <li
                class="v-picker-column__item"
              >
                25日
              </li>
              <li
                class="v-picker-column__item"
              >
                26日
              </li>
              <li
                class="v-picker-column__item"
              >
                27日
              </li>
              <li
                class="v-picker-column__item"
              >
                28日
              </li>
              <li
                class="v-picker-column__item"
              >
                29日
              </li>
              <li
                class="v-picker-column__item"
              >
                30日
              </li>
              
            </ul>
          </div>
          
        </div>
      </div>
      
    </div>
  </transition-stub>
</div>
`;
